using CUSTIS.NetCore.EF.MigrationGenerationExtensions.SqlObjects;
using Microsoft.EntityFrameworkCore.Migrations;

#nullable disable

namespace Custom.DataAccess
{
    /// <inheritdoc />
    public partial class TestMigration : Migration
    {
        /// <inheritdoc />
        protected override void Up(MigrationBuilder migrationBuilder)
        {
            migrationBuilder.RenameTable(
                name: "T_OLD",
                newName: "T_NEW");

            migrationBuilder.CreateOrUpdateSqlObject(
                name: "v_view",
                sqlCode: "create v_view as select",
                order: 20);

            migrationBuilder.CreateOrUpdateSqlObject(
                name: "v_view_2",
                sqlCode: "create v_view_2 as select",
                order: 30);

            migrationBuilder.RenameTable(
                name: "T_OLD_2",
                newName: "T_NEW_2");
        }

        /// <inheritdoc />
        protected override void Down(MigrationBuilder migrationBuilder)
        {
            migrationBuilder.RenameTable(
                name: "T_OLD",
                newName: "T_NEW");

            migrationBuilder.DropSqlObject(
                name: "v_view",
                sqlCode: DROP v_view, // write code to drop object
                order: 20);

            migrationBuilder.DropSqlObject(
                name: "v_view_2",
                sqlCode: DROP v_view_2, // write code to drop object
                order: 30);

            migrationBuilder.RenameTable(
                name: "T_OLD_2",
                newName: "T_NEW_2");
        }
    }
}
