// <auto-generated />
using CUSTIS.NetCore.EF.MigrationGenerationExtensions.SqlObjects;
using Microsoft.EntityFrameworkCore;
using Microsoft.EntityFrameworkCore.Infrastructure;
using Microsoft.EntityFrameworkCore.Storage.ValueConversion;
using NUnit.Framework;

#nullable disable

namespace Custom.DataAccess
{
    [DbContext(typeof(TestContext))]
    partial class MainDbSnapshot : ModelSnapshot
    {
        protected override void BuildModel(ModelBuilder modelBuilder)
        {
#pragma warning disable 612, 618
            modelBuilder.Model.AddSqlObjects(new SqlObject[]
            {
                new("v_view_2", "create v_view_2 as select")
                {
                    Order = 10
                },
                new("v_view_3", "create v_view_3 as select")
                {
                    Order = 20
                },
                new("v_view", "create v_view as select")
                {
                    Order = 2147483647
                },
            });

#pragma warning restore 612, 618
        }
    }
}
